Archive member included to satisfy reference by file (symbol)

d:/programs/atolic/truestudio for stm32 9.3.0/armtools/bin/../lib/gcc/arm-atollic-eabi/6.3.1/../../../../arm-atollic-eabi/lib/armv7e-m/fpu\libc_nano.a(lib_a-errno.o)
                              Core\Src\syscalls.o (__errno)
d:/programs/atolic/truestudio for stm32 9.3.0/armtools/bin/../lib/gcc/arm-atollic-eabi/6.3.1/../../../../arm-atollic-eabi/lib/armv7e-m/fpu\libc_nano.a(lib_a-impure.o)
                              d:/programs/atolic/truestudio for stm32 9.3.0/armtools/bin/../lib/gcc/arm-atollic-eabi/6.3.1/../../../../arm-atollic-eabi/lib/armv7e-m/fpu\libc_nano.a(lib_a-errno.o) (_impure_ptr)
d:/programs/atolic/truestudio for stm32 9.3.0/armtools/bin/../lib/gcc/arm-atollic-eabi/6.3.1/../../../../arm-atollic-eabi/lib/armv7e-m/fpu\libc_nano.a(lib_a-init.o)
                              startup\startup_stm32f303xe.o (__libc_init_array)
d:/programs/atolic/truestudio for stm32 9.3.0/armtools/bin/../lib/gcc/arm-atollic-eabi/6.3.1/../../../../arm-atollic-eabi/lib/armv7e-m/fpu\libc_nano.a(lib_a-memset.o)
                              Core\Src\main.o (memset)
d:/programs/atolic/truestudio for stm32 9.3.0/armtools/bin/../lib/gcc/arm-atollic-eabi/6.3.1/../../../../arm-atollic-eabi/lib/armv7e-m/fpu\libc_nano.a(lib_a-sprintf.o)
                              Core\Src\main.o (sprintf)
d:/programs/atolic/truestudio for stm32 9.3.0/armtools/bin/../lib/gcc/arm-atollic-eabi/6.3.1/../../../../arm-atollic-eabi/lib/armv7e-m/fpu\libc_nano.a(lib_a-strlen.o)
                              Core\Src\main.o (strlen)
d:/programs/atolic/truestudio for stm32 9.3.0/armtools/bin/../lib/gcc/arm-atollic-eabi/6.3.1/../../../../arm-atollic-eabi/lib/armv7e-m/fpu\libc_nano.a(lib_a-nano-svfprintf.o)
                              d:/programs/atolic/truestudio for stm32 9.3.0/armtools/bin/../lib/gcc/arm-atollic-eabi/6.3.1/../../../../arm-atollic-eabi/lib/armv7e-m/fpu\libc_nano.a(lib_a-sprintf.o) (_svfprintf_r)
d:/programs/atolic/truestudio for stm32 9.3.0/armtools/bin/../lib/gcc/arm-atollic-eabi/6.3.1/../../../../arm-atollic-eabi/lib/armv7e-m/fpu\libc_nano.a(lib_a-nano-vfprintf_i.o)
                              d:/programs/atolic/truestudio for stm32 9.3.0/armtools/bin/../lib/gcc/arm-atollic-eabi/6.3.1/../../../../arm-atollic-eabi/lib/armv7e-m/fpu\libc_nano.a(lib_a-nano-svfprintf.o) (_printf_i)
d:/programs/atolic/truestudio for stm32 9.3.0/armtools/bin/../lib/gcc/arm-atollic-eabi/6.3.1/../../../../arm-atollic-eabi/lib/armv7e-m/fpu\libc_nano.a(lib_a-memchr.o)
                              d:/programs/atolic/truestudio for stm32 9.3.0/armtools/bin/../lib/gcc/arm-atollic-eabi/6.3.1/../../../../arm-atollic-eabi/lib/armv7e-m/fpu\libc_nano.a(lib_a-nano-svfprintf.o) (memchr)
d:/programs/atolic/truestudio for stm32 9.3.0/armtools/bin/../lib/gcc/arm-atollic-eabi/6.3.1/../../../../arm-atollic-eabi/lib/armv7e-m/fpu\libc_nano.a(lib_a-memcpy-stub.o)
                              d:/programs/atolic/truestudio for stm32 9.3.0/armtools/bin/../lib/gcc/arm-atollic-eabi/6.3.1/../../../../arm-atollic-eabi/lib/armv7e-m/fpu\libc_nano.a(lib_a-nano-svfprintf.o) (memcpy)
d:/programs/atolic/truestudio for stm32 9.3.0/armtools/bin/../lib/gcc/arm-atollic-eabi/6.3.1/../../../../arm-atollic-eabi/lib/armv7e-m/fpu\libc_nano.a(lib_a-memmove.o)
                              d:/programs/atolic/truestudio for stm32 9.3.0/armtools/bin/../lib/gcc/arm-atollic-eabi/6.3.1/../../../../arm-atollic-eabi/lib/armv7e-m/fpu\libc_nano.a(lib_a-nano-svfprintf.o) (memmove)
d:/programs/atolic/truestudio for stm32 9.3.0/armtools/bin/../lib/gcc/arm-atollic-eabi/6.3.1/../../../../arm-atollic-eabi/lib/armv7e-m/fpu\libc_nano.a(lib_a-nano-freer.o)
                              d:/programs/atolic/truestudio for stm32 9.3.0/armtools/bin/../lib/gcc/arm-atollic-eabi/6.3.1/../../../../arm-atollic-eabi/lib/armv7e-m/fpu\libc_nano.a(lib_a-nano-svfprintf.o) (_free_r)
d:/programs/atolic/truestudio for stm32 9.3.0/armtools/bin/../lib/gcc/arm-atollic-eabi/6.3.1/../../../../arm-atollic-eabi/lib/armv7e-m/fpu\libc_nano.a(lib_a-nano-mallocr.o)
                              d:/programs/atolic/truestudio for stm32 9.3.0/armtools/bin/../lib/gcc/arm-atollic-eabi/6.3.1/../../../../arm-atollic-eabi/lib/armv7e-m/fpu\libc_nano.a(lib_a-nano-svfprintf.o) (_malloc_r)
d:/programs/atolic/truestudio for stm32 9.3.0/armtools/bin/../lib/gcc/arm-atollic-eabi/6.3.1/../../../../arm-atollic-eabi/lib/armv7e-m/fpu\libc_nano.a(lib_a-nano-reallocr.o)
                              d:/programs/atolic/truestudio for stm32 9.3.0/armtools/bin/../lib/gcc/arm-atollic-eabi/6.3.1/../../../../arm-atollic-eabi/lib/armv7e-m/fpu\libc_nano.a(lib_a-nano-svfprintf.o) (_realloc_r)
d:/programs/atolic/truestudio for stm32 9.3.0/armtools/bin/../lib/gcc/arm-atollic-eabi/6.3.1/../../../../arm-atollic-eabi/lib/armv7e-m/fpu\libc_nano.a(lib_a-sbrkr.o)
[...]
Memory Configuration

Name             Origin             Length             Attributes
RAM              0x20000000         0x00010000         xrw
CCMRAM           0x10000000         0x00004000         xrw
FLASH            0x08000000         0x00080000         xr
*default*        0x00000000         0xffffffff

Linker script and memory map

LOAD d:/programs/atolic/truestudio for stm32 9.3.0/armtools/bin/../lib/gcc/arm-atollic-eabi/6.3.1/armv7e-m/fpu/crti.o
LOAD d:/programs/atolic/truestudio for stm32 9.3.0/armtools/bin/../lib/gcc/arm-atollic-eabi/6.3.1/armv7e-m/fpu/crtbegin.o
LOAD Core\Src\main.o
LOAD Core\Src\stm32f3xx_hal_msp.o
LOAD Core\Src\stm32f3xx_it.o
LOAD Core\Src\syscalls.o
LOAD Core\Src\system_stm32f3xx.o
LOAD Drivers\STM32F3xx_HAL_Driver\Src\stm32f3xx_hal.o
LOAD Drivers\STM32F3xx_HAL_Driver\Src\stm32f3xx_hal_cortex.o
LOAD Drivers\STM32F3xx_HAL_Driver\Src\stm32f3xx_hal_dma.o
LOAD Drivers\STM32F3xx_HAL_Driver\Src\stm32f3xx_hal_exti.o
LOAD Drivers\STM32F3xx_HAL_Driver\Src\stm32f3xx_hal_flash.o
LOAD Drivers\STM32F3xx_HAL_Driver\Src\stm32f3xx_hal_flash_ex.o
LOAD Drivers\STM32F3xx_HAL_Driver\Src\stm32f3xx_hal_gpio.o
LOAD Drivers\STM32F3xx_HAL_Driver\Src\stm32f3xx_hal_i2c.o
LOAD Drivers\STM32F3xx_HAL_Driver\Src\stm32f3xx_hal_i2c_ex.o
LOAD Drivers\STM32F3xx_HAL_Driver\Src\stm32f3xx_hal_pwr.o
LOAD Drivers\STM32F3xx_HAL_Driver\Src\stm32f3xx_hal_pwr_ex.o
LOAD Drivers\STM32F3xx_HAL_Driver\Src\stm32f3xx_hal_rcc.o
LOAD Drivers\STM32F3xx_HAL_Driver\Src\stm32f3xx_hal_rcc_ex.o
LOAD Drivers\STM32F3xx_HAL_Driver\Src\stm32f3xx_hal_tim.o
LOAD Drivers\STM32F3xx_HAL_Driver\Src\stm32f3xx_hal_tim_ex.o
LOAD Drivers\STM32F3xx_HAL_Driver\Src\stm32f3xx_hal_uart.o
LOAD Drivers\STM32F3xx_HAL_Driver\Src\stm32f3xx_hal_uart_ex.o
LOAD startup\startup_stm32f303xe.o
                0x00000080                malloc_getpagesize_P = 0x80
START GROUP
LOAD d:/programs/atolic/truestudio for stm32 9.3.0/armtools/bin/../lib/gcc/arm-atollic-eabi/6.3.1/../../../../arm-atollic-eabi/lib/armv7e-m/fpu\libc_nano.a
LOAD d:/programs/atolic/truestudio for stm32 9.3.0/armtools/bin/../lib/gcc/arm-atollic-eabi/6.3.1/../../../../arm-atollic-eabi/lib/armv7e-m/fpu\libm.a
END GROUP
START GROUP
LOAD d:/programs/atolic/truestudio for stm32 9.3.0/armtools/bin/../lib/gcc/arm-atollic-eabi/6.3.1/armv7e-m/fpu\libgcc.a
LOAD d:/programs/atolic/truestudio for stm32 9.3.0/armtools/bin/../lib/gcc/arm-atollic-eabi/6.3.1/../../../../arm-atollic-eabi/lib/armv7e-m/fpu\libc_nano.a
END GROUP
START GROUP
LOAD d:/programs/atolic/truestudio for stm32 9.3.0/armtools/bin/../lib/gcc/arm-atollic-eabi/6.3.1/armv7e-m/fpu\libgcc.a
LOAD d:/programs/atolic/truestudio for stm32 9.3.0/armtools/bin/../lib/gcc/arm-atollic-eabi/6.3.1/../../../../arm-atollic-eabi/lib/armv7e-m/fpu\libc_nano.a
LOAD d:/programs/atolic/truestudio for stm32 9.3.0/armtools/bin/../lib/gcc/arm-atollic-eabi/6.3.1/../../../../arm-atollic-eabi/lib/armv7e-m/fpu\libnosys.a
END GROUP
START GROUP
LOAD d:/programs/atolic/truestudio for stm32 9.3.0/armtools/bin/../lib/gcc/arm-atollic-eabi/6.3.1/armv7e-m/fpu\libgcc.a
LOAD d:/programs/atolic/truestudio for stm32 9.3.0/armtools/bin/../lib/gcc/arm-atollic-eabi/6.3.1/../../../../arm-atollic-eabi/lib/armv7e-m/fpu\libc_nano.a
LOAD d:/programs/atolic/truestudio for stm32 9.3.0/armtools/bin/../lib/gcc/arm-atollic-eabi/6.3.1/../../../../arm-atollic-eabi/lib/armv7e-m/fpu\libnosys.a
END GROUP
LOAD d:/programs/atolic/truestudio for stm32 9.3.0/armtools/bin/../lib/gcc/arm-atollic-eabi/6.3.1/armv7e-m/fpu/crtend.o
LOAD d:/programs/atolic/truestudio for stm32 9.3.0/armtools/bin/../lib/gcc/arm-atollic-eabi/6.3.1/armv7e-m/fpu/crtn.o
                0x20010000                _estack = 0x20010000
                0x00000200                _Min_Heap_Size = 0x200
                0x00000400                _Min_Stack_Size = 0x400

.isr_vector     0x08000000      0x194
                0x08000000                . = ALIGN (0x4)
 *(.isr_vector)
 .isr_vector    0x08000000      0x194 startup\startup_stm32f303xe.o
                0x08000000                g_pfnVectors
                0x08000194                . = ALIGN (0x4)

.text           0x080001a0     0x4c64
                0x080001a0                . = ALIGN (0x4)
 *(.text)
 .text          0x080001a0       0x40 d:/programs/atolic/truestudio for stm32 9.3.0/armtools/bin/../lib/gcc/arm-atollic-eabi/6.3.1/armv7e-m/fpu/crtbegin.o
 .text          0x080001e0       0x10 d:/programs/atolic/truestudio for stm32 9.3.0/armtools/bin/../lib/gcc/arm-atollic-eabi/6.3.1/../../../../arm-atollic-eabi/lib/armv7e-m/fpu\libc_nano.a(lib_a-strlen.o)
                0x080001e0                strlen
 .text          0x080001f0       0xa0 d:/programs/atolic/truestudio for stm32 9.3.0/armtools/bin/../lib/gcc/arm-atollic-eabi/6.3.1/../../../../arm-atollic-eabi/lib/armv7e-m/fpu\libc_nano.a(lib_a-memchr.o)
                0x080001f0                memchr
 .text          0x08000290      0x370 d:/programs/atolic/truestudio for stm32 9.3.0/armtools/bin/../lib/gcc/arm-atollic-eabi/6.3.1/armv7e-m/fpu\libgcc.a(_arm_addsubdf3.o)
                0x08000290                __aeabi_drsub
                0x08000298                __aeabi_dsub
                0x08000298                __subdf3
                0x0800029c                __aeabi_dadd
                0x0800029c                __adddf3
                0x08000514                __floatunsidf
                0x08000514                __aeabi_ui2d
                0x08000534                __floatsidf
                0x08000534                __aeabi_i2d
                0x08000558                __aeabi_f2d
                0x08000558                __extendsfdf2
                0x08000594                __floatundidf
                0x08000594                __aeabi_ul2d
                0x080005a4                __floatdidf
                0x080005a4                __aeabi_l2d
 .text          0x08000600      0x424 d:/programs/atolic/truestudio for stm32 9.3.0/armtools/bin/../lib/gcc/arm-atollic-eabi/6.3.1/armv7e-m/fpu\libgcc.a(_arm_muldivdf3.o)
                0x08000600                __aeabi_dmul
                0x08000600                __muldf3
                0x08000854                __divdf3
                0x08000854                __aeabi_ddiv
 .text          0x08000a24       0x40 d:/programs/atolic/truestudio for stm32 9.3.0/armtools/bin/../lib/gcc/arm-atollic-eabi/6.3.1/armv7e-m/fpu\libgcc.a(_arm_fixunsdfsi.o)
                0x08000a24                __aeabi_d2uiz
                0x08000a24                __fixunsdfsi
 *(.text*)
 .text.delay    0x08000a64       0x30 Core\Src\main.o
                0x08000a64                delay
 *fill*         0x08000a94        0x4 
 .text.HAL_TIM_IC_CaptureCallback
                0x08000a98      0x110 Core\Src\main.o
                0x08000a98                HAL_TIM_IC_CaptureCallback
 .text.HCSR04_Read
                0x08000ba8       0x40 Core\Src\main.o
                0x08000ba8                HCSR04_Read
 .text.main     0x08000be8       0x64 Core\Src\main.o
                0x08000be8                main
 .text.SystemClock_Config
                0x08000c4c       0xc2 Core\Src\main.o
                0x08000c4c                SystemClock_Config
 *fill*         0x08000d0e        0x2 
 .text.MX_TIM1_Init
                0x08000d10       0xec Core\Src\main.o
 .text.MX_USART2_UART_Init
                0x08000dfc       0x60 Core\Src\main.o
 .text.MX_GPIO_Init
                0x08000e5c       0x80 Core\Src\main.o
 .text.Error_Handler
                0x08000edc        0xe Core\Src\main.o
                0x08000edc                Error_Handler
 *fill*         0x08000eea        0x2 
 .text.HAL_MspInit
                0x08000eec       0x48 Core\Src\stm32f3xx_hal_msp.o
                0x08000eec                HAL_MspInit
 .text.HAL_TIM_Base_MspInit
                0x08000f34       0x98 Core\Src\stm32f3xx_hal_msp.o
                0x08000f34                HAL_TIM_Base_MspInit
 .text.HAL_UART_MspInit
                0x08000fcc       0x84 Core\Src\stm32f3xx_hal_msp.o
                0x08000fcc                HAL_UART_MspInit
 .text.NMI_Handler
                0x08001050        0xe Core\Src\stm32f3xx_it.o
                0x08001050                NMI_Handler
 .text.HardFault_Handler
                0x0800105e        0x6 Core\Src\stm32f3xx_it.o
                0x0800105e                HardFault_Handler
 .text.MemManage_Handler
                0x08001064        0x6 Core\Src\stm32f3xx_it.o
                0x08001064                MemManage_Handler
 .text.BusFault_Handler
                0x0800106a        0x6 Core\Src\stm32f3xx_it.o
                0x0800106a                BusFault_Handler
 .text.UsageFault_Handler
                0x08001070        0x6 Core\Src\stm32f3xx_it.o
                0x08001070                UsageFault_Handler
 .text.SVC_Handler
                0x08001076        0xe Core\Src\stm32f3xx_it.o
                0x08001076                SVC_Handler
 .text.DebugMon_Handler
                0x08001084        0xe Core\Src\stm32f3xx_it.o
                0x08001084                DebugMon_Handler
 .text.PendSV_Handler
                0x08001092        0xe Core\Src\stm32f3xx_it.o
                0x08001092                PendSV_Handler
 .text.SysTick_Handler
                0x080010a0        0xc Core\Src\stm32f3xx_it.o
                0x080010a0                SysTick_Handler
 .text.TIM1_CC_IRQHandler
                0x080010ac       0x14 Core\Src\stm32f3xx_it.o
                0x080010ac                TIM1_CC_IRQHandler
 .text._sbrk    0x080010c0       0x58 Core\Src\syscalls.o
                0x080010c0                _sbrk
 .text.SystemInit
                0x08001118       0x2c Core\Src\system_stm32f3xx.o
                0x08001118                SystemInit
 .text.HAL_Init
                0x08001144       0x2c Drivers\STM32F3xx_HAL_Driver\Src\stm32f3xx_hal.o
                0x08001144                HAL_Init
 .text.HAL_InitTick
                0x08001170       0x60 Drivers\STM32F3xx_HAL_Driver\Src\stm32f3xx_hal.o
                0x08001170                HAL_InitTick
 .text.HAL_IncTick
                0x080011d0       0x28 Drivers\STM32F3xx_HAL_Driver\Src\stm32f3xx_hal.o
                0x080011d0                HAL_IncTick
 .text.HAL_GetTick
                0x080011f8       0x18 Drivers\STM32F3xx_HAL_Driver\Src\stm32f3xx_hal.o
                0x080011f8                HAL_GetTick
 .text.HAL_Delay
                0x08001210       0x44 Drivers\STM32F3xx_HAL_Driver\Src\stm32f3xx_hal.o
                0x08001210                HAL_Delay
 .text.__NVIC_SetPriorityGrouping
                0x08001254       0x48 Drivers\STM32F3xx_HAL_Driver\Src\stm32f3xx_hal_cortex.o
 .text.__NVIC_GetPriorityGrouping
                0x0800129c       0x1c Drivers\STM32F3xx_HAL_Driver\Src\stm32f3xx_hal_cortex.o
 .text.__NVIC_EnableIRQ
                0x080012b8       0x3c Drivers\STM32F3xx_HAL_Driver\Src\stm32f3xx_hal_cortex.o
 .text.__NVIC_SetPriority
                0x080012f4       0x54 Drivers\STM32F3xx_HAL_Driver\Src\stm32f3xx_hal_cortex.o
 .text.NVIC_EncodePriority
                0x08001348       0x62 Drivers\STM32F3xx_HAL_Driver\Src\stm32f3xx_hal_cortex.o
 *fill*         0x080013aa        0x2 
 .text.SysTick_Config
                0x080013ac       0x44 Drivers\STM32F3xx_HAL_Driver\Src\stm32f3xx_hal_cortex.o
 .text.HAL_NVIC_SetPriorityGrouping
                0x080013f0       0x16 Drivers\STM32F3xx_HAL_Driver\Src\stm32f3xx_hal_cortex.o
                0x080013f0                HAL_NVIC_SetPriorityGrouping
 .text.HAL_NVIC_SetPriority
                0x08001406       0x38 Drivers\STM32F3xx_HAL_Driver\Src\stm32f3xx_hal_cortex.o
                0x08001406                HAL_NVIC_SetPriority
 .text.HAL_NVIC_EnableIRQ
                0x0800143e       0x1c Drivers\STM32F3xx_HAL_Driver\Src\stm32f3xx_hal_cortex.o
                0x0800143e                HAL_NVIC_EnableIRQ
 .text.HAL_SYSTICK_Config
                0x0800145a       0x18 Drivers\STM32F3xx_HAL_Driver\Src\stm32f3xx_hal_cortex.o
                0x0800145a                HAL_SYSTICK_Config
 *fill*         0x08001472        0x2 
 .text.HAL_GPIO_Init
                0x08001474      0x314 Drivers\STM32F3xx_HAL_Driver\Src\stm32f3xx_hal_gpio.o
                0x08001474                HAL_GPIO_Init
 .text.HAL_GPIO_WritePin
                0x08001788       0x30 Drivers\STM32F3xx_HAL_Driver\Src\stm32f3xx_hal_gpio.o
                0x08001788                HAL_GPIO_WritePin
 .text.HAL_RCC_OscConfig
                0x080017b8      0xe2c Drivers\STM32F3xx_HAL_Driver\Src\stm32f3xx_hal_rcc.o
                0x080017b8                HAL_RCC_OscConfig
 .text.HAL_RCC_ClockConfig
                0x080025e4      0x2f8 Drivers\STM32F3xx_HAL_Driver\Src\stm32f3xx_hal_rcc.o
                0x080025e4                HAL_RCC_ClockConfig
 .text.HAL_RCC_GetSysClockFreq
                0x080028dc       0xd4 Drivers\STM32F3xx_HAL_Driver\Src\stm32f3xx_hal_rcc.o
                0x080028dc                HAL_RCC_GetSysClockFreq
 .text.HAL_RCC_GetHCLKFreq
                0x080029b0       0x18 Drivers\STM32F3xx_HAL_Driver\Src\stm32f3xx_hal_rcc.o
                0x080029b0                HAL_RCC_GetHCLKFreq
 .text.HAL_RCC_GetPCLK1Freq
                0x080029c8       0x44 Drivers\STM32F3xx_HAL_Driver\Src\stm32f3xx_hal_rcc.o
                0x080029c8                HAL_RCC_GetPCLK1Freq
 .text.HAL_RCC_GetPCLK2Freq
                0x08002a0c       0x44 Drivers\STM32F3xx_HAL_Driver\Src\stm32f3xx_hal_rcc.o
                0x08002a0c                HAL_RCC_GetPCLK2Freq
 .text.HAL_RCCEx_PeriphCLKConfig
                0x08002a50      0x438 Drivers\STM32F3xx_HAL_Driver\Src\stm32f3xx_hal_rcc_ex.o
                0x08002a50                HAL_RCCEx_PeriphCLKConfig
 .text.HAL_TIM_Base_Init
                0x08002e88       0x56 Drivers\STM32F3xx_HAL_Driver\Src\stm32f3xx_hal_tim.o
                0x08002e88                HAL_TIM_Base_Init
 .text.HAL_TIM_IC_Init
                0x08002ede       0x56 Drivers\STM32F3xx_HAL_Driver\Src\stm32f3xx_hal_tim.o
                0x08002ede                HAL_TIM_IC_Init
 .text.HAL_TIM_IC_MspInit
                0x08002f34       0x14 Drivers\STM32F3xx_HAL_Driver\Src\stm32f3xx_hal_tim.o
                0x08002f34                HAL_TIM_IC_MspInit
 .text.HAL_TIM_IC_Start_IT
                0x08002f48       0xdc Drivers\STM32F3xx_HAL_Driver\Src\stm32f3xx_hal_tim.o
                0x08002f48                HAL_TIM_IC_Start_IT
 .text.HAL_TIM_IRQHandler
                0x08003024      0x23e Drivers\STM32F3xx_HAL_Driver\Src\stm32f3xx_hal_tim.o
                0x08003024                HAL_TIM_IRQHandler
 .text.HAL_TIM_IC_ConfigChannel
                0x08003262      0x138 Drivers\STM32F3xx_HAL_Driver\Src\stm32f3xx_hal_tim.o
                0x08003262                HAL_TIM_IC_ConfigChannel
 .text.HAL_TIM_ConfigClockSource
                0x0800339a      0x172 Drivers\STM32F3xx_HAL_Driver\Src\stm32f3xx_hal_tim.o
                0x0800339a                HAL_TIM_ConfigClockSource
 .text.HAL_TIM_ReadCapturedValue
                0x0800350c       0x88 Drivers\STM32F3xx_HAL_Driver\Src\stm32f3xx_hal_tim.o
                0x0800350c                HAL_TIM_ReadCapturedValue
 .text.HAL_TIM_PeriodElapsedCallback
                0x08003594       0x14 Drivers\STM32F3xx_HAL_Driver\Src\stm32f3xx_hal_tim.o
                0x08003594                HAL_TIM_PeriodElapsedCallback
 .text.HAL_TIM_OC_DelayElapsedCallback
                0x080035a8       0x14 Drivers\STM32F3xx_HAL_Driver\Src\stm32f3xx_hal_tim.o
                0x080035a8                HAL_TIM_OC_DelayElapsedCallback
 .text.HAL_TIM_PWM_PulseFinishedCallback
                0x080035bc       0x14 Drivers\STM32F3xx_HAL_Driver\Src\stm32f3xx_hal_tim.o
                0x080035bc                HAL_TIM_PWM_PulseFinishedCallback
 .text.HAL_TIM_TriggerCallback
                0x080035d0       0x14 Drivers\STM32F3xx_HAL_Driver\Src\stm32f3xx_hal_tim.o
                0x080035d0                HAL_TIM_TriggerCallback
 .text.TIM_Base_SetConfig
                0x080035e4      0x13c Drivers\STM32F3xx_HAL_Driver\Src\stm32f3xx_hal_tim.o
                0x080035e4                TIM_Base_SetConfig
 .text.TIM_TI1_SetConfig
                0x08003720       0xdc Drivers\STM32F3xx_HAL_Driver\Src\stm32f3xx_hal_tim.o
                0x08003720                TIM_TI1_SetConfig
 .text.TIM_TI1_ConfigInputStage
                0x080037fc       0x5e Drivers\STM32F3xx_HAL_Driver\Src\stm32f3xx_hal_tim.o
 .text.TIM_TI2_SetConfig
                0x0800385a       0x7a Drivers\STM32F3xx_HAL_Driver\Src\stm32f3xx_hal_tim.o
 .text.TIM_TI2_ConfigInputStage
                0x080038d4       0x60 Drivers\STM32F3xx_HAL_Driver\Src\stm32f3xx_hal_tim.o
 .text.TIM_TI3_SetConfig
                0x08003934       0x78 Drivers\STM32F3xx_HAL_Driver\Src\stm32f3xx_hal_tim.o
 .text.TIM_TI4_SetConfig
                0x080039ac       0x7a Drivers\STM32F3xx_HAL_Driver\Src\stm32f3xx_hal_tim.o
 .text.TIM_ITRx_SetConfig
                0x08003a26       0x36 Drivers\STM32F3xx_HAL_Driver\Src\stm32f3xx_hal_tim.o
 .text.TIM_ETR_SetConfig
                0x08003a5c       0x40 Drivers\STM32F3xx_HAL_Driver\Src\stm32f3xx_hal_tim.o
                0x08003a5c                TIM_ETR_SetConfig
 .text.TIM_CCxChannelCmd
                0x08003a9c       0x4a Drivers\STM32F3xx_HAL_Driver\Src\stm32f3xx_hal_tim.o
                0x08003a9c                TIM_CCxChannelCmd
 *fill*         0x08003ae6        0x2 
 .text.HAL_TIMEx_MasterConfigSynchronization
                0x08003ae8      0x118 Drivers\STM32F3xx_HAL_Driver\Src\stm32f3xx_hal_tim_ex.o
                0x08003ae8                HAL_TIMEx_MasterConfigSynchronization
 .text.HAL_TIMEx_CommutCallback
                0x08003c00       0x14 Drivers\STM32F3xx_HAL_Driver\Src\stm32f3xx_hal_tim_ex.o
                0x08003c00                HAL_TIMEx_CommutCallback
 .text.HAL_TIMEx_BreakCallback
                0x08003c14       0x14 Drivers\STM32F3xx_HAL_Driver\Src\stm32f3xx_hal_tim_ex.o
                0x08003c14                HAL_TIMEx_BreakCallback
 .text.HAL_TIMEx_Break2Callback
                0x08003c28       0x14 Drivers\STM32F3xx_HAL_Driver\Src\stm32f3xx_hal_tim_ex.o
                0x08003c28                HAL_TIMEx_Break2Callback
 .text.HAL_UART_Init
                0x08003c3c       0x9c Drivers\STM32F3xx_HAL_Driver\Src\stm32f3xx_hal_uart.o
                0x08003c3c                HAL_UART_Init
 .text.HAL_UART_Transmit
                0x08003cd8      0x126 Drivers\STM32F3xx_HAL_Driver\Src\stm32f3xx_hal_uart.o
                0x08003cd8                HAL_UART_Transmit
 *fill*         0x08003dfe        0x2 
 .text.UART_SetConfig
                0x08003e00      0x434 Drivers\STM32F3xx_HAL_Driver\Src\stm32f3xx_hal_uart.o
                0x08003e00                UART_SetConfig
 .text.UART_AdvFeatureConfig
                0x08004234      0x144 Drivers\STM32F3xx_HAL_Driver\Src\stm32f3xx_hal_uart.o
                0x08004234                UART_AdvFeatureConfig
 .text.UART_CheckIdleState
                0x08004378       0x8a Drivers\STM32F3xx_HAL_Driver\Src\stm32f3xx_hal_uart.o
                0x08004378                UART_CheckIdleState
 .text.UART_WaitOnFlagUntilTimeout
                0x08004402       0xf6 Drivers\STM32F3xx_HAL_Driver\Src\stm32f3xx_hal_uart.o
                0x08004402                UART_WaitOnFlagUntilTimeout
 .text.Reset_Handler
                0x080044f8       0x50 startup\startup_stm32f303xe.o
                0x080044f8                Reset_Handler
 .text.Default_Handler
                0x08004548        0x2 startup\startup_stm32f303xe.o
                0x08004548                RTC_Alarm_IRQHandler
                0x08004548                TIM8_TRG_COM_IRQHandler
                0x08004548                TIM8_CC_IRQHandler
                0x08004548                SPI4_IRQHandler
                0x08004548                USB_HP_IRQHandler
                0x08004548                PVD_IRQHandler
                0x08004548                TAMP_STAMP_IRQHandler
                0x08004548                EXTI3_IRQHandler
                0x08004548                I2C3_ER_IRQHandler
                0x08004548                USB_HP_CAN_TX_IRQHandler
                0x08004548                EXTI0_IRQHandler
                0x08004548                I2C2_EV_IRQHandler
                0x08004548                FPU_IRQHandler
                0x08004548                TIM1_UP_TIM16_IRQHandler
                0x08004548                ADC1_2_IRQHandler
                0x08004548                SPI1_IRQHandler
                0x08004548                CAN_SCE_IRQHandler
                0x08004548                TIM6_DAC_IRQHandler
                0x08004548                TIM8_UP_IRQHandler
                0x08004548                DMA2_Channel2_IRQHandler
                0x08004548                DMA1_Channel4_IRQHandler
                0x08004548                TIM20_TRG_COM_IRQHandler
                0x08004548                USART3_IRQHandler
                0x08004548                DMA1_Channel7_IRQHandler
                0x08004548                UART5_IRQHandler
                0x08004548                ADC3_IRQHandler
                0x08004548                TIM4_IRQHandler
                0x08004548                CAN_RX1_IRQHandler
                0x08004548                DMA2_Channel1_IRQHandler
                0x08004548                I2C1_EV_IRQHandler
                0x08004548                DMA1_Channel6_IRQHandler
                0x08004548                UART4_IRQHandler
                0x08004548                DMA2_Channel4_IRQHandler
                0x08004548                TIM3_IRQHandler
                0x08004548                RCC_IRQHandler
                0x08004548                TIM20_UP_IRQHandler
                0x08004548                DMA1_Channel1_IRQHandler
                0x08004548                Default_Handler
                0x08004548                USBWakeUp_RMP_IRQHandler
                0x08004548                EXTI15_10_IRQHandler
                0x08004548                TIM7_IRQHandler
                0x08004548                I2C3_EV_IRQHandler
                0x08004548                EXTI9_5_IRQHandler
                0x08004548                RTC_WKUP_IRQHandler
                0x08004548                SPI2_IRQHandler
                0x08004548                USB_LP_CAN_RX0_IRQHandler
                0x08004548                DMA2_Channel5_IRQHandler
                0x08004548                DMA1_Channel5_IRQHandler
                0x08004548                USB_LP_IRQHandler
                0x08004548                EXTI4_IRQHandler
                0x08004548                TIM1_TRG_COM_TIM17_IRQHandler
                0x08004548                DMA1_Channel3_IRQHandler
                0x08004548                ADC4_IRQHandler
                0x08004548                WWDG_IRQHandler
                0x08004548                TIM2_IRQHandler
                0x08004548                COMP7_IRQHandler
                0x08004548                COMP1_2_3_IRQHandler
                0x08004548                EXTI1_IRQHandler
                0x08004548                USART2_IRQHandler
                0x08004548                COMP4_5_6_IRQHandler
                0x08004548                TIM20_BRK_IRQHandler
                0x08004548                I2C2_ER_IRQHandler
                0x08004548                DMA1_Channel2_IRQHandler
                0x08004548                TIM8_BRK_IRQHandler
                0x08004548                FLASH_IRQHandler
                0x08004548                TIM20_CC_IRQHandler
                0x08004548                USART1_IRQHandler
                0x08004548                SPI3_IRQHandler
                0x08004548                I2C1_ER_IRQHandler
                0x08004548                FMC_IRQHandler
                0x08004548                USBWakeUp_IRQHandler
                0x08004548                DMA2_Channel3_IRQHandler
                0x08004548                EXTI2_TSC_IRQHandler
                0x08004548                TIM1_BRK_TIM15_IRQHandler
 *fill*         0x0800454a        0x2 
 .text.__errno  0x0800454c        0xc d:/programs/atolic/truestudio for stm32 9.3.0/armtools/bin/../lib/gcc/arm-atollic-eabi/6.3.1/../../../../arm-atollic-eabi/lib/armv7e-m/fpu\libc_nano.a(lib_a-errno.o)
                0x0800454c                __errno
 .text.__libc_init_array
                0x08004558       0x48 d:/programs/atolic/truestudio for stm32 9.3.0/armtools/bin/../lib/gcc/arm-atollic-eabi/6.3.1/../../../../arm-atollic-eabi/lib/armv7e-m/fpu\libc_nano.a(lib_a-init.o)
                0x08004558                __libc_init_array
 .text.memset   0x080045a0       0x10 d:/programs/atolic/truestudio for stm32 9.3.0/armtools/bin/../lib/gcc/arm-atollic-eabi/6.3.1/../../../../arm-atollic-eabi/lib/armv7e-m/fpu\libc_nano.a(lib_a-memset.o)
                0x080045a0                memset
 .text.sprintf  0x080045b0       0x48 d:/programs/atolic/truestudio for stm32 9.3.0/armtools/bin/../lib/gcc/arm-atollic-eabi/6.3.1/../../../../arm-atollic-eabi/lib/armv7e-m/fpu\libc_nano.a(lib_a-sprintf.o)
                0x080045b0                siprintf
                0x080045b0                sprintf
 .text.__ssputs_r
                0x080045f8       0xb6 d:/programs/atolic/truestudio for stm32 9.3.0/armtools/bin/../lib/gcc/arm-atollic-eabi/6.3.1/../../../../arm-atollic-eabi/lib/armv7e-m/fpu\libc_nano.a(lib_a-nano-svfprintf.o)
                0x080045f8                __ssputs_r
 *fill*         0x080046ae        0x2 
 .text._svfprintf_r
                0x080046b0      0x1e8 d:/programs/atolic/truestudio for stm32 9.3.0/armtools/bin/../lib/gcc/arm-atollic-eabi/6.3.1/../../../../arm-atollic-eabi/lib/armv7e-m/fpu\libc_nano.a(lib_a-nano-svfprintf.o)
                0x080046b0                _svfiprintf_r
                0x080046b0                _svfprintf_r
 .text._printf_common
                0x08004898       0xec d:/programs/atolic/truestudio for stm32 9.3.0/armtools/bin/../lib/gcc/arm-atollic-eabi/6.3.1/../../../../arm-atollic-eabi/lib/armv7e-m/fpu\libc_nano.a(lib_a-nano-vfprintf_i.o)
                0x08004898                _printf_common
 .text._printf_i
                0x08004984      0x240 d:/programs/atolic/truestudio for stm32 9.3.0/armtools/bin/../lib/gcc/arm-atollic-eabi/6.3.1/../../../../arm-atollic-eabi/lib/armv7e-m/fpu\libc_nano.a(lib_a-nano-vfprintf_i.o)
                0x08004984                _printf_i
 .text.memcpy   0x08004bc4       0x16 d:/programs/atolic/truestudio for stm32 9.3.0/armtools/bin/../lib/gcc/arm-atollic-eabi/6.3.1/../../../../arm-atollic-eabi/lib/armv7e-m/fpu\libc_nano.a(lib_a-memcpy-stub.o)
                0x08004bc4                memcpy
 .text.memmove  0x08004bda       0x34 d:/programs/atolic/truestudio for stm32 9.3.0/armtools/bin/../lib/gcc/arm-atollic-eabi/6.3.1/../../../../arm-atollic-eabi/lib/armv7e-m/fpu\libc_nano.a(lib_a-memmove.o)
                0x08004bda                memmove
 *fill*         0x08004c0e        0x2 
 .text._free_r  0x08004c10       0x9c d:/programs/atolic/truestudio for stm32 9.3.0/armtools/bin/../lib/gcc/arm-atollic-eabi/6.3.1/../../../../arm-atollic-eabi/lib/armv7e-m/fpu\libc_nano.a(lib_a-nano-freer.o)
                0x08004c10                _free_r
 .text._malloc_r
                0x08004cac       0xbc d:/programs/atolic/truestudio for stm32 9.3.0/armtools/bin/../lib/gcc/arm-atollic-eabi/6.3.1/../../../../arm-atollic-eabi/lib/armv7e-m/fpu\libc_nano.a(lib_a-nano-mallocr.o)
                0x08004cac                _malloc_r
 .text._realloc_r
                0x08004d68       0x4c d:/programs/atolic/truestudio for stm32 9.3.0/armtools/bin/../lib/gcc/arm-atollic-eabi/6.3.1/../../../../arm-atollic-eabi/lib/armv7e-m/fpu\libc_nano.a(lib_a-nano-reallocr.o)
                0x08004d68                _realloc_r
 .text._sbrk_r  0x08004db4       0x20 d:/programs/atolic/truestudio for stm32 9.3.0/armtools/bin/../lib/gcc/arm-atollic-eabi/6.3.1/../../../../arm-atollic-eabi/lib/armv7e-m/fpu\libc_nano.a(lib_a-sbrkr.o)
                0x08004db4                _sbrk_r
 .text.__malloc_lock
                0x08004dd4        0x2 d:/programs/atolic/truestudio for stm32 9.3.0/armtools/bin/../lib/gcc/arm-atollic-eabi/6.3.1/../../../../arm-atollic-eabi/lib/armv7e-m/fpu\libc_nano.a(lib_a-mlock.o)
                0x08004dd4                __malloc_lock
 .text.__malloc_unlock
                0x08004dd6        0x2 d:/programs/atolic/truestudio for stm32 9.3.0/armtools/bin/../lib/gcc/arm-atollic-eabi/6.3.1/../../../../arm-atollic-eabi/lib/armv7e-m/fpu\libc_nano.a(lib_a-mlock.o)
                0x08004dd6                __malloc_unlock
 .text._malloc_usable_size_r
                0x08004dd8       0x12 d:/programs/atolic/truestudio for stm32 9.3.0/armtools/bin/../lib/gcc/arm-atollic-eabi/6.3.1/../../../../arm-atollic-eabi/lib/armv7e-m/fpu\libc_nano.a(lib_a-nano-msizer.o)
                0x08004dd8                _malloc_usable_size_r
 *(.glue_7)
 .glue_7        0x08004dea        0x0 linker stubs
 *(.glue_7t)
 .glue_7t       0x08004dea        0x0 linker stubs
 *(.eh_frame)
 *fill*         0x08004dea        0x2 
 .eh_frame      0x08004dec        0x0 d:/programs/atolic/truestudio for stm32 9.3.0/armtools/bin/../lib/gcc/arm-atollic-eabi/6.3.1/armv7e-m/fpu/crtbegin.o
 *(.init)
 .init          0x08004dec        0x4 d:/programs/atolic/truestudio for stm32 9.3.0/armtools/bin/../lib/gcc/arm-atollic-eabi/6.3.1/armv7e-m/fpu/crti.o
                0x08004dec                _init
 .init          0x08004df0        0x8 d:/programs/atolic/truestudio for stm32 9.3.0/armtools/bin/../lib/gcc/arm-atollic-eabi/6.3.1/armv7e-m/fpu/crtn.o
 *(.fini)
 .fini          0x08004df8        0x4 d:/programs/atolic/truestudio for stm32 9.3.0/armtools/bin/../lib/gcc/arm-atollic-eabi/6.3.1/armv7e-m/fpu/crti.o
                0x08004df8                _fini
 .fini          0x08004dfc        0x8 d:/programs/atolic/truestudio for stm32 9.3.0/armtools/bin/../lib/gcc/arm-atollic-eabi/6.3.1/armv7e-m/fpu/crtn.o
                0x08004e04                . = ALIGN (0x4)
                0x08004e04                _etext = .

.vfp11_veneer   0x08004e04        0x0
 .vfp11_veneer  0x08004e04        0x0 linker stubs

.v4_bx          0x08004e04        0x0
 .v4_bx         0x08004e04        0x0 linker stubs

.iplt           0x08004e04        0x0
 .iplt          0x08004e04        0x0 d:/programs/atolic/truestudio for stm32 9.3.0/armtools/bin/../lib/gcc/arm-atollic-eabi/6.3.1/armv7e-m/fpu/crtbegin.o

.rodata         0x08004e04       0x84
                0x08004e04                . = ALIGN (0x4)
 *(.rodata)
 .rodata        0x08004e04       0x18 Core\Src\main.o
 *(.rodata*)
 .rodata.AHBPrescTable
                0x08004e1c       0x10 Core\Src\system_stm32f3xx.o
                0x08004e1c                AHBPrescTable
 .rodata.APBPrescTable
                0x08004e2c        0x8 Core\Src\system_stm32f3xx.o
                0x08004e2c                APBPrescTable
 .rodata.aPLLMULFactorTable
                0x08004e34       0x10 Drivers\STM32F3xx_HAL_Driver\Src\stm32f3xx_hal_rcc.o
                0x08004e34                aPLLMULFactorTable
 .rodata.aPredivFactorTable
                0x08004e44       0x10 Drivers\STM32F3xx_HAL_Driver\Src\stm32f3xx_hal_rcc.o
                0x08004e44                aPredivFactorTable
 .rodata._svfprintf_r.str1.1
                0x08004e54       0x11 d:/programs/atolic/truestudio for stm32 9.3.0/armtools/bin/../lib/gcc/arm-atollic-eabi/6.3.1/../../../../arm-atollic-eabi/lib/armv7e-m/fpu\libc_nano.a(lib_a-nano-svfprintf.o)
 .rodata._printf_i.str1.1
                0x08004e65       0x22 d:/programs/atolic/truestudio for stm32 9.3.0/armtools/bin/../lib/gcc/arm-atollic-eabi/6.3.1/../../../../arm-atollic-eabi/lib/armv7e-m/fpu\libc_nano.a(lib_a-nano-vfprintf_i.o)
                0x08004e88                . = ALIGN (0x4)
 *fill*         0x08004e87        0x1 

.rel.dyn        0x08004e88        0x0
 .rel.iplt      0x08004e88        0x0 d:/programs/atolic/truestudio for stm32 9.3.0/armtools/bin/../lib/gcc/arm-atollic-eabi/6.3.1/armv7e-m/fpu/crtbegin.o

.ARM.extab
 *(.ARM.extab* .gnu.linkonce.armextab.*)

.ARM            0x08004e88        0x0
                0x08004e88                __exidx_start = .
 *(.ARM.exidx*)
                0x08004e88                __exidx_end = .

.preinit_array  0x08004e88        0x0
                0x08004e88                PROVIDE (__preinit_array_start, .)
 *(.preinit_array*)
                0x08004e88                PROVIDE (__preinit_array_end, .)

.init_array     0x08004e88        0x4
                0x08004e88                PROVIDE (__init_array_start, .)
 *(SORT(.init_array.*))
 *(.init_array*)
 .init_array    0x08004e88        0x4 d:/programs/atolic/truestudio for stm32 9.3.0/armtools/bin/../lib/gcc/arm-atollic-eabi/6.3.1/armv7e-m/fpu/crtbegin.o
                0x08004e8c                PROVIDE (__init_array_end, .)

.fini_array     0x08004e8c        0x4
                [!provide]                PROVIDE (__fini_array_start, .)
 *(SORT(.fini_array.*))
 *(.fini_array*)
 .fini_array    0x08004e8c        0x4 d:/programs/atolic/truestudio for stm32 9.3.0/armtools/bin/../lib/gcc/arm-atollic-eabi/6.3.1/armv7e-m/fpu/crtbegin.o
                [!provide]                PROVIDE (__fini_array_end, .)
                0x08004e90                _sidata = LOADADDR (.data)

.data           0x20000000       0x70 load address 0x08004e90
                0x20000000                . = ALIGN (0x4)
                0x20000000                _sdata = .
 *(.data)
 *(.data*)
 .data.SystemCoreClock
                0x20000000        0x4 Core\Src\system_stm32f3xx.o
                0x20000000                SystemCoreClock
 .data.uwTickPrio
                0x20000004        0x4 Drivers\STM32F3xx_HAL_Driver\Src\stm32f3xx_hal.o
                0x20000004                uwTickPrio
 .data.uwTickFreq
                0x20000008        0x1 Drivers\STM32F3xx_HAL_Driver\Src\stm32f3xx_hal.o
                0x20000008                uwTickFreq
 *fill*         0x20000009        0x3 
 .data._impure_ptr
                0x2000000c        0x4 d:/programs/atolic/truestudio for stm32 9.3.0/armtools/bin/../lib/gcc/arm-atollic-eabi/6.3.1/../../../../arm-atollic-eabi/lib/armv7e-m/fpu\libc_nano.a(lib_a-impure.o)
                0x2000000c                _impure_ptr
 .data.impure_data
                0x20000010       0x60 d:/programs/atolic/truestudio for stm32 9.3.0/armtools/bin/../lib/gcc/arm-atollic-eabi/6.3.1/../../../../arm-atollic-eabi/lib/armv7e-m/fpu\libc_nano.a(lib_a-impure.o)
                0x20000070                . = ALIGN (0x4)
                0x20000070                _edata = .
                0x08004f00                _siccmram = LOADADDR (.ccmram)

.igot.plt       0x20000070        0x0 load address 0x08004f00
 .igot.plt      0x20000070        0x0 d:/programs/atolic/truestudio for stm32 9.3.0/armtools/bin/../lib/gcc/arm-atollic-eabi/6.3.1/armv7e-m/fpu/crtbegin.o

.ccmram         0x10000000        0x0 load address 0x08004f00
                0x10000000                . = ALIGN (0x4)
                0x10000000                _sccmram = .
 *(.ccmram)
 *(.ccmram*)
                0x10000000                . = ALIGN (0x4)
                0x10000000                _eccmram = .
                0x10000000                . = ALIGN (0x4)

.bss            0x20000070      0x164
                0x20000070                _sbss = .
                0x20000070                __bss_start__ = _sbss
 *(.bss)
 .bss           0x20000070       0x1c d:/programs/atolic/truestudio for stm32 9.3.0/armtools/bin/../lib/gcc/arm-atollic-eabi/6.3.1/armv7e-m/fpu/crtbegin.o
 *(.bss*)
 .bss.firstValue
                0x2000008c        0x4 Core\Src\main.o
                0x2000008c                firstValue
 .bss.secondValue
                0x20000090        0x4 Core\Src\main.o
                0x20000090                secondValue
 .bss.sub       0x20000094        0x4 Core\Src\main.o
                0x20000094                sub
 .bss.capturedOne
                0x20000098        0x1 Core\Src\main.o
                0x20000098                capturedOne
 .bss.distance  0x20000099        0x1 Core\Src\main.o
                0x20000099                distance
 *fill*         0x2000009a        0x2 
 .bss.heap_end.7010
                0x2000009c        0x4 Core\Src\syscalls.o
 .bss.__malloc_free_list
                0x200000a0        0x4 d:/programs/atolic/truestudio for stm32 9.3.0/armtools/bin/../lib/gcc/arm-atollic-eabi/6.3.1/../../../../arm-atollic-eabi/lib/armv7e-m/fpu\libc_nano.a(lib_a-nano-mallocr.o)
                0x200000a0                __malloc_free_list
 .bss.__malloc_sbrk_start
                0x200000a4        0x4 d:/programs/atolic/truestudio for stm32 9.3.0/armtools/bin/../lib/gcc/arm-atollic-eabi/6.3.1/../../../../arm-atollic-eabi/lib/armv7e-m/fpu\libc_nano.a(lib_a-nano-mallocr.o)
                0x200000a4                __malloc_sbrk_start
 *(COMMON)
 COMMON         0x200000a8      0x124 Core\Src\main.o
                0x200000a8                uartBuf
                0x2000010c                htim1
                0x2000014c                huart2
 COMMON         0x200001cc        0x4 Drivers\STM32F3xx_HAL_Driver\Src\stm32f3xx_hal.o
                0x200001cc                uwTick
 COMMON         0x200001d0        0x4 d:/programs/atolic/truestudio for stm32 9.3.0/armtools/bin/../lib/gcc/arm-atollic-eabi/6.3.1/../../../../arm-atollic-eabi/lib/armv7e-m/fpu\libc_nano.a(lib_a-reent.o)
                0x200001d0                errno
                0x200001d4                . = ALIGN (0x4)
                0x200001d4                _ebss = .
                0x200001d4                __bss_end__ = _ebss

._user_heap_stack
                0x200001d4      0x600
                0x200001d4                . = ALIGN (0x4)
                0x200001d4                PROVIDE (end, .)
                [!provide]                PROVIDE (_end, .)
                0x200003d4                . = (. + _Min_Heap_Size)
 *fill*         0x200001d4      0x200 
                0x200007d4                . = (. + _Min_Stack_Size)
 *fill*         0x200003d4      0x400 
                0x200007d4                . = ALIGN (0x4)

/DISCARD/
 libc.a(*)
 libm.a(*)
 libgcc.a(*)

.ARM.attributes
                0x00000000       0x30
 *(.ARM.attributes)
 .ARM.attributes
                0x00000000       0x22 d:/programs/atolic/truestudio for stm32 9.3.0/armtools/bin/../lib/gcc/arm-atollic-eabi/6.3.1/armv7e-m/fpu/crti.o
 .ARM.attributes
                0x00000022       0x34 d:/programs/atolic/truestudio for stm32 9.3.0/armtools/bin/../lib/gcc/arm-atollic-eabi/6.3.1/armv7e-m/fpu/crtbegin.o
 .ARM.attributes
                0x00000056       0x39 Core\Src\main.o
 .ARM.attributes
                0x0000008f       0x39 Core\Src\stm32f3xx_hal_msp.o
 .ARM.attributes
                0x000000c8       0x39 Core\Src\stm32f3xx_it.o
 .ARM.attributes
                0x00000101       0x39 Core\Src\syscalls.o
 .ARM.attributes
                0x0000013a       0x39 Core\Src\system_stm32f3xx.o
 .ARM.attributes
                0x00000173       0x39 Drivers\STM32F3xx_HAL_Driver\Src\stm32f3xx_hal.o
 .ARM.attributes
                0x000001ac       0x39 Drivers\STM32F3xx_HAL_Driver\Src\stm32f3xx_hal_cortex.o
 .ARM.attributes
                0x000001e5       0x39 Drivers\STM32F3xx_HAL_Driver\Src\stm32f3xx_hal_gpio.o
 .ARM.attributes
                0x0000021e       0x39 Drivers\STM32F3xx_HAL_Driver\Src\stm32f3xx_hal_rcc.o
 .ARM.attributes
                0x00000257       0x39 Drivers\STM32F3xx_HAL_Driver\Src\stm32f3xx_hal_rcc_ex.o
 .ARM.attributes
                0x00000290       0x39 Drivers\STM32F3xx_HAL_Driver\Src\stm32f3xx_hal_tim.o
 .ARM.attributes
                0x000002c9       0x39 Drivers\STM32F3xx_HAL_Driver\Src\stm32f3xx_hal_tim_ex.o
 .ARM.attributes
                0x00000302       0x39 Drivers\STM32F3xx_HAL_Driver\Src\stm32f3xx_hal_uart.o
 .ARM.attributes
                0x0000033b       0x21 startup\startup_stm32f303xe.o
 .ARM.attributes
                0x0000035c       0x34 d:/programs/atolic/truestudio for stm32 9.3.0/armtools/bin/../lib/gcc/arm-atollic-eabi/6.3.1/../../../../arm-atollic-eabi/lib/armv7e-m/fpu\libc_nano.a(lib_a-errno.o)
 .ARM.attributes
                0x00000390       0x34 d:/programs/atolic/truestudio for stm32 9.3.0/armtools/bin/../lib/gcc/arm-atollic-eabi/6.3.1/../../../../arm-atollic-eabi/lib/armv7e-m/fpu\libc_nano.a(lib_a-impure.o)
 .ARM.attributes
                0x000003c4       0x34 d:/programs/atolic/truestudio for stm32 9.3.0/armtools/bin/../lib/gcc/arm-atollic-eabi/6.3.1/../../../../arm-atollic-eabi/lib/armv7e-m/fpu\libc_nano.a(lib_a-init.o)
 .ARM.attributes
                0x000003f8       0x34 d:/programs/atolic/truestudio for stm32 9.3.0/armtools/bin/../lib/gcc/arm-atollic-eabi/6.3.1/../../../../arm-atollic-eabi/lib/armv7e-m/fpu\libc_nano.a(lib_a-memset.o)
 .ARM.attributes
                0x0000042c       0x34 d:/programs/atolic/truestudio for stm32 9.3.0/armtools/bin/../lib/gcc/arm-atollic-eabi/6.3.1/../../../../arm-atollic-eabi/lib/armv7e-m/fpu\libc_nano.a(lib_a-sprintf.o)
 .ARM.attributes
                0x00000460       0x1b d:/programs/atolic/truestudio for stm32 9.3.0/armtools/bin/../lib/gcc/arm-atollic-eabi/6.3.1/../../../../arm-atollic-eabi/lib/armv7e-m/fpu\libc_nano.a(lib_a-strlen.o)
 .ARM.attributes
                0x0000047b       0x34 d:/programs/atolic/truestudio for stm32 9.3.0/armtools/bin/../lib/gcc/arm-atollic-eabi/6.3.1/../../../../arm-atollic-eabi/lib/armv7e-m/fpu\libc_nano.a(lib_a-nano-svfprintf.o)
 .ARM.attributes
                0x000004af       0x34 d:/programs/atolic/truestudio for stm32 9.3.0/armtools/bin/../lib/gcc/arm-atollic-eabi/6.3.1/../../../../arm-atollic-eabi/lib/armv7e-m/fpu\libc_nano.a(lib_a-nano-vfprintf_i.o)
 .ARM.attributes
                0x000004e3       0x20 d:/programs/atolic/truestudio for stm32 9.3.0/armtools/bin/../lib/gcc/arm-atollic-eabi/6.3.1/../../../../arm-atollic-eabi/lib/armv7e-m/fpu\libc_nano.a(lib_a-memchr.o)
 .ARM.attributes
                0x00000503       0x34 d:/programs/atolic/truestudio for stm32 9.3.0/armtools/bin/../lib/gcc/arm-atollic-eabi/6.3.1/../../../../arm-atollic-eabi/lib/armv7e-m/fpu\libc_nano.a(lib_a-memcpy-stub.o)
 .ARM.attributes
                0x00000537       0x34 d:/programs/atolic/truestudio for stm32 9.3.0/armtools/bin/../lib/gcc/arm-atollic-eabi/6.3.1/../../../../arm-atollic-eabi/lib/armv7e-m/fpu\libc_nano.a(lib_a-memmove.o)
 .ARM.attributes
                0x0000056b       0x34 d:/programs/atolic/truestudio for stm32 9.3.0/armtools/bin/../lib/gcc/arm-atollic-eabi/6.3.1/../../../../arm-atollic-eabi/lib/armv7e-m/fpu\libc_nano.a(lib_a-nano-freer.o)
 .ARM.attributes
                0x0000059f       0x34 d:/programs/atolic/truestudio for stm32 9.3.0/armtools/bin/../lib/gcc/arm-atollic-eabi/6.3.1/../../../../arm-atollic-eabi/lib/armv7e-m/fpu\libc_nano.a(lib_a-nano-mallocr.o)
 .ARM.attributes
                0x000005d3       0x34 d:/programs/atolic/truestudio for stm32 9.3.0/armtools/bin/../lib/gcc/arm-atollic-eabi/6.3.1/../../../../arm-atollic-eabi/lib/armv7e-m/fpu\libc_nano.a(lib_a-nano-reallocr.o)
 .ARM.attributes
                0x00000607       0x34 d:/programs/atolic/truestudio for stm32 9.3.0/armtools/bin/../lib/gcc/arm-atollic-eabi/6.3.1/../../../../arm-atollic-eabi/lib/armv7e-m/fpu\libc_nano.a(lib_a-sbrkr.o)
 .ARM.attributes
                0x0000063b       0x34 d:/programs/atolic/truestudio for stm32 9.3.0/armtools/bin/../lib/gcc/arm-atollic-eabi/6.3.1/../../../../arm-atollic-eabi/lib/armv7e-m/fpu\libc_nano.a(lib_a-mlock.o)
 .ARM.attributes
                0x0000066f       0x34 d:/programs/atolic/truestudio for stm32 9.3.0/armtools/bin/../lib/gcc/arm-atollic-eabi/6.3.1/../../../../arm-atollic-eabi/lib/armv7e-m/fpu\libc_nano.a(lib_a-nano-msizer.o)
 .ARM.attributes
                0x000006a3       0x34 d:/programs/atolic/truestudio for stm32 9.3.0/armtools/bin/../lib/gcc/arm-atollic-eabi/6.3.1/../../../../arm-atollic-eabi/lib/armv7e-m/fpu\libc_nano.a(lib_a-reent.o)
 .ARM.attributes
                0x000006d7       0x22 d:/programs/atolic/truestudio for stm32 9.3.0/armtools/bin/../lib/gcc/arm-atollic-eabi/6.3.1/armv7e-m/fpu\libgcc.a(_arm_addsubdf3.o)
 .ARM.attributes
                0x000006f9       0x22 d:/programs/atolic/truestudio for stm32 9.3.0/armtools/bin/../lib/gcc/arm-atollic-eabi/6.3.1/armv7e-m/fpu\libgcc.a(_arm_muldivdf3.o)
 .ARM.attributes
                0x0000071b       0x22 d:/programs/atolic/truestudio for stm32 9.3.0/armtools/bin/../lib/gcc/arm-atollic-eabi/6.3.1/armv7e-m/fpu\libgcc.a(_arm_fixunsdfsi.o)
 .ARM.attributes
                0x0000073d       0x22 d:/programs/atolic/truestudio for stm32 9.3.0/armtools/bin/../lib/gcc/arm-atollic-eabi/6.3.1/armv7e-m/fpu/crtn.o
OUTPUT(HCSR with timer.elf elf32-littlearm)

.debug_info     0x00000000     0xc400
 .debug_info    0x00000000     0x1079 Core\Src\main.o
 .debug_info    0x00001079      0xe3f Core\Src\stm32f3xx_hal_msp.o
 .debug_info    0x00001eb8      0x6d7 Core\Src\stm32f3xx_it.o
 .debug_info    0x0000258f      0xf16 Core\Src\syscalls.o
 .debug_info    0x000034a5      0x45e Core\Src\system_stm32f3xx.o
 .debug_info    0x00003903      0x812 Drivers\STM32F3xx_HAL_Driver\Src\stm32f3xx_hal.o
 .debug_info    0x00004115      0xdc9 Drivers\STM32F3xx_HAL_Driver\Src\stm32f3xx_hal_cortex.o
 .debug_info    0x00004ede      0x7c1 Drivers\STM32F3xx_HAL_Driver\Src\stm32f3xx_hal_gpio.o
 .debug_info    0x0000569f     0x181e Drivers\STM32F3xx_HAL_Driver\Src\stm32f3xx_hal_rcc.o
 .debug_info    0x00006ebd      0x711 Drivers\STM32F3xx_HAL_Driver\Src\stm32f3xx_hal_rcc_ex.o
 .debug_info    0x000075ce     0x2643 Drivers\STM32F3xx_HAL_Driver\Src\stm32f3xx_hal_tim.o
 .debug_info    0x00009c11     0x11d3 Drivers\STM32F3xx_HAL_Driver\Src\stm32f3xx_hal_tim_ex.o
 .debug_info    0x0000ade4     0x158f Drivers\STM32F3xx_HAL_Driver\Src\stm32f3xx_hal_uart.o
 .debug_info    0x0000c373       0x8d startup\startup_stm32f303xe.o

.debug_abbrev   0x00000000     0x1a6e
 .debug_abbrev  0x00000000      0x286 Core\Src\main.o
 .debug_abbrev  0x00000286      0x19f Core\Src\stm32f3xx_hal_msp.o
 .debug_abbrev  0x00000425      0x153 Core\Src\stm32f3xx_it.o
 .debug_abbrev  0x00000578      0x271 Core\Src\syscalls.o
 .debug_abbrev  0x000007e9      0x126 Core\Src\system_stm32f3xx.o
 .debug_abbrev  0x0000090f      0x1c2 Drivers\STM32F3xx_HAL_Driver\Src\stm32f3xx_hal.o
 .debug_abbrev  0x00000ad1      0x2f5 Drivers\STM32F3xx_HAL_Driver\Src\stm32f3xx_hal_cortex.o
 .debug_abbrev  0x00000dc6      0x1bb Drivers\STM32F3xx_HAL_Driver\Src\stm32f3xx_hal_gpio.o
 .debug_abbrev  0x00000f81      0x287 Drivers\STM32F3xx_HAL_Driver\Src\stm32f3xx_hal_rcc.o
 .debug_abbrev  0x00001208      0x214 Drivers\STM32F3xx_HAL_Driver\Src\stm32f3xx_hal_rcc_ex.o
 .debug_abbrev  0x0000141c      0x229 Drivers\STM32F3xx_HAL_Driver\Src\stm32f3xx_hal_tim.o
 .debug_abbrev  0x00001645      0x217 Drivers\STM32F3xx_HAL_Driver\Src\stm32f3xx_hal_tim_ex.o
 .debug_abbrev  0x0000185c      0x200 Drivers\STM32F3xx_HAL_Driver\Src\stm32f3xx_hal_uart.o
 .debug_abbrev  0x00001a5c       0x12 startup\startup_stm32f303xe.o

.debug_aranges  0x00000000      0xc50
 .debug_aranges
                0x00000000       0x60 Core\Src\main.o
 .debug_aranges
                0x00000060       0x40 Core\Src\stm32f3xx_hal_msp.o
 .debug_aranges
                0x000000a0       0x68 Core\Src\stm32f3xx_it.o
 .debug_aranges
                0x00000108       0xb0 Core\Src\syscalls.o
 .debug_aranges
                0x000001b8       0x28 Core\Src\system_stm32f3xx.o
 .debug_aranges
                0x000001e0       0xe0 Drivers\STM32F3xx_HAL_Driver\Src\stm32f3xx_hal.o
 .debug_aranges
                0x000002c0      0x118 Drivers\STM32F3xx_HAL_Driver\Src\stm32f3xx_hal_cortex.o
 .debug_aranges
                0x000003d8       0x58 Drivers\STM32F3xx_HAL_Driver\Src\stm32f3xx_hal_gpio.o
 .debug_aranges
                0x00000430       0x88 Drivers\STM32F3xx_HAL_Driver\Src\stm32f3xx_hal_rcc.o
 .debug_aranges
                0x000004b8       0x38 Drivers\STM32F3xx_HAL_Driver\Src\stm32f3xx_hal_rcc_ex.o
 .debug_aranges
                0x000004f0      0x3c8 Drivers\STM32F3xx_HAL_Driver\Src\stm32f3xx_hal_tim.o
 .debug_aranges
                0x000008b8      0x160 Drivers\STM32F3xx_HAL_Driver\Src\stm32f3xx_hal_tim_ex.o
 .debug_aranges
                0x00000a18      0x210 Drivers\STM32F3xx_HAL_Driver\Src\stm32f3xx_hal_uart.o
 .debug_aranges
                0x00000c28       0x28 startup\startup_stm32f303xe.o

.debug_ranges   0x00000000      0xb78
 .debug_ranges  0x00000000       0x50 Core\Src\main.o
 .debug_ranges  0x00000050       0x30 Core\Src\stm32f3xx_hal_msp.o
 .debug_ranges  0x00000080       0x58 Core\Src\stm32f3xx_it.o
 .debug_ranges  0x000000d8       0xa0 Core\Src\syscalls.o
 .debug_ranges  0x00000178       0x18 Core\Src\system_stm32f3xx.o
 .debug_ranges  0x00000190       0xd0 Drivers\STM32F3xx_HAL_Driver\Src\stm32f3xx_hal.o
 .debug_ranges  0x00000260      0x108 Drivers\STM32F3xx_HAL_Driver\Src\stm32f3xx_hal_cortex.o
 .debug_ranges  0x00000368       0x48 Drivers\STM32F3xx_HAL_Driver\Src\stm32f3xx_hal_gpio.o
 .debug_ranges  0x000003b0       0x78 Drivers\STM32F3xx_HAL_Driver\Src\stm32f3xx_hal_rcc.o
 .debug_ranges  0x00000428       0x28 Drivers\STM32F3xx_HAL_Driver\Src\stm32f3xx_hal_rcc_ex.o
 .debug_ranges  0x00000450      0x3b8 Drivers\STM32F3xx_HAL_Driver\Src\stm32f3xx_hal_tim.o
 .debug_ranges  0x00000808      0x150 Drivers\STM32F3xx_HAL_Driver\Src\stm32f3xx_hal_tim_ex.o
 .debug_ranges  0x00000958      0x200 Drivers\STM32F3xx_HAL_Driver\Src\stm32f3xx_hal_uart.o
 .debug_ranges  0x00000b58       0x20 startup\startup_stm32f303xe.o

.debug_line     0x00000000     0x58d4
 .debug_line    0x00000000      0x387 Core\Src\main.o
 .debug_line    0x00000387      0x2a9 Core\Src\stm32f3xx_hal_msp.o
 .debug_line    0x00000630      0x2bb Core\Src\stm32f3xx_it.o
 .debug_line    0x000008eb      0x3ad Core\Src\syscalls.o
 .debug_line    0x00000c98      0x1fc Core\Src\system_stm32f3xx.o
 .debug_line    0x00000e94      0x3ce Drivers\STM32F3xx_HAL_Driver\Src\stm32f3xx_hal.o
 .debug_line    0x00001262      0x522 Drivers\STM32F3xx_HAL_Driver\Src\stm32f3xx_hal_cortex.o
 .debug_line    0x00001784      0x3c1 Drivers\STM32F3xx_HAL_Driver\Src\stm32f3xx_hal_gpio.o
 .debug_line    0x00001b45      0x996 Drivers\STM32F3xx_HAL_Driver\Src\stm32f3xx_hal_rcc.o
 .debug_line    0x000024db      0x5a7 Drivers\STM32F3xx_HAL_Driver\Src\stm32f3xx_hal_rcc_ex.o
 .debug_line    0x00002a82     0x1768 Drivers\STM32F3xx_HAL_Driver\Src\stm32f3xx_hal_tim.o
 .debug_line    0x000041ea      0x8fa Drivers\STM32F3xx_HAL_Driver\Src\stm32f3xx_hal_tim_ex.o
 .debug_line    0x00004ae4      0xd72 Drivers\STM32F3xx_HAL_Driver\Src\stm32f3xx_hal_uart.o
 .debug_line    0x00005856       0x7e startup\startup_stm32f303xe.o

.debug_str      0x00000000     0x405c
 .debug_str     0x00000000      0xd8a Core\Src\main.o
                                0xe6b (size before relaxing)
 .debug_str     0x00000d8a      0x529 Core\Src\stm32f3xx_hal_msp.o
                                0xe79 (size before relaxing)
 .debug_str     0x000012b3       0xbe Core\Src\stm32f3xx_it.o
                                0x74e (size before relaxing)
 .debug_str     0x00001371      0x601 Core\Src\syscalls.o
                                0x86e (size before relaxing)
 .debug_str     0x00001972       0xbd Core\Src\system_stm32f3xx.o
                                0x3a6 (size before relaxing)
 .debug_str     0x00001a2f      0x27b Drivers\STM32F3xx_HAL_Driver\Src\stm32f3xx_hal.o
                                0xa4f (size before relaxing)
 .debug_str     0x00001caa      0x4b1 Drivers\STM32F3xx_HAL_Driver\Src\stm32f3xx_hal_cortex.o
                                0xcbb (size before relaxing)
 .debug_str     0x0000215b      0x1b8 Drivers\STM32F3xx_HAL_Driver\Src\stm32f3xx_hal_gpio.o
                                0x5b7 (size before relaxing)
 .debug_str     0x00002313      0x227 Drivers\STM32F3xx_HAL_Driver\Src\stm32f3xx_hal_rcc.o
                                0x720 (size before relaxing)
 .debug_str     0x0000253a       0xd8 Drivers\STM32F3xx_HAL_Driver\Src\stm32f3xx_hal_rcc_ex.o
                                0x662 (size before relaxing)
 .debug_str     0x00002612      0xdb3 Drivers\STM32F3xx_HAL_Driver\Src\stm32f3xx_hal_tim.o
                               0x15a7 (size before relaxing)
 .debug_str     0x000033c5      0x591 Drivers\STM32F3xx_HAL_Driver\Src\stm32f3xx_hal_tim_ex.o
                                0xdae (size before relaxing)
 .debug_str     0x00003956      0x706 Drivers\STM32F3xx_HAL_Driver\Src\stm32f3xx_hal_uart.o
                                0xe7b (size before relaxing)

.comment        0x00000000       0x7c
 .comment       0x00000000       0x7c Core\Src\main.o
                                 0x7d (size before relaxing)
 .comment       0x0000007c       0x7d Core\Src\stm32f3xx_hal_msp.o
 .comment       0x0000007c       0x7d Core\Src\stm32f3xx_it.o
 .comment       0x0000007c       0x7d Core\Src\syscalls.o
 .comment       0x0000007c       0x7d Core\Src\system_stm32f3xx.o
 .comment       0x0000007c       0x7d Drivers\STM32F3xx_HAL_Driver\Src\stm32f3xx_hal.o
 .comment       0x0000007c       0x7d Drivers\STM32F3xx_HAL_Driver\Src\stm32f3xx_hal_cortex.o
 .comment       0x0000007c       0x7d Drivers\STM32F3xx_HAL_Driver\Src\stm32f3xx_hal_gpio.o
 .comment       0x0000007c       0x7d Drivers\STM32F3xx_HAL_Driver\Src\stm32f3xx_hal_rcc.o
 .comment       0x0000007c       0x7d Drivers\STM32F3xx_HAL_Driver\Src\stm32f3xx_hal_rcc_ex.o
 .comment       0x0000007c       0x7d Drivers\STM32F3xx_HAL_Driver\Src\stm32f3xx_hal_tim.o
 .comment       0x0000007c       0x7d Drivers\STM32F3xx_HAL_Driver\Src\stm32f3xx_hal_tim_ex.o
 .comment       0x0000007c       0x7d Drivers\STM32F3xx_HAL_Driver\Src\stm32f3xx_hal_uart.o

.debug_frame    0x00000000     0x3800
 .debug_frame   0x00000000      0x144 Core\Src\main.o
 .debug_frame   0x00000144       0xc4 Core\Src\stm32f3xx_hal_msp.o
 .debug_frame   0x00000208      0x128 Core\Src\stm32f3xx_it.o
 .debug_frame   0x00000330      0x2d4 Core\Src\syscalls.o
 .debug_frame   0x00000604       0x58 Core\Src\system_stm32f3xx.o
 .debug_frame   0x0000065c      0x334 Drivers\STM32F3xx_HAL_Driver\Src\stm32f3xx_hal.o
 .debug_frame   0x00000990      0x498 Drivers\STM32F3xx_HAL_Driver\Src\stm32f3xx_hal_cortex.o
 .debug_frame   0x00000e28      0x14c Drivers\STM32F3xx_HAL_Driver\Src\stm32f3xx_hal_gpio.o
 .debug_frame   0x00000f74      0x214 Drivers\STM32F3xx_HAL_Driver\Src\stm32f3xx_hal_rcc.o
 .debug_frame   0x00001188       0xb4 Drivers\STM32F3xx_HAL_Driver\Src\stm32f3xx_hal_rcc_ex.o
 .debug_frame   0x0000123c     0x1190 Drivers\STM32F3xx_HAL_Driver\Src\stm32f3xx_hal_tim.o
 .debug_frame   0x000023cc      0x610 Drivers\STM32F3xx_HAL_Driver\Src\stm32f3xx_hal_tim_ex.o
 .debug_frame   0x000029dc      0x970 Drivers\STM32F3xx_HAL_Driver\Src\stm32f3xx_hal_uart.o
 .debug_frame   0x0000334c       0x20 d:/programs/atolic/truestudio for stm32 9.3.0/armtools/bin/../lib/gcc/arm-atollic-eabi/6.3.1/../../../../arm-atollic-eabi/lib/armv7e-m/fpu\libc_nano.a(lib_a-errno.o)
 .debug_frame   0x0000336c       0x2c d:/programs/atolic/truestudio for stm32 9.3.0/armtools/bin/../lib/gcc/arm-atollic-eabi/6.3.1/../../../../arm-atollic-eabi/lib/armv7e-m/fpu\libc_nano.a(lib_a-init.o)
 .debug_frame   0x00003398       0x20 d:/programs/atolic/truestudio for stm32 9.3.0/armtools/bin/../lib/gcc/arm-atollic-eabi/6.3.1/../../../../arm-atollic-eabi/lib/armv7e-m/fpu\libc_nano.a(lib_a-memset.o)
 .debug_frame   0x000033b8       0x70 d:/programs/atolic/truestudio for stm32 9.3.0/armtools/bin/../lib/gcc/arm-atollic-eabi/6.3.1/../../../../arm-atollic-eabi/lib/armv7e-m/fpu\libc_nano.a(lib_a-sprintf.o)
 .debug_frame   0x00003428       0x90 d:/programs/atolic/truestudio for stm32 9.3.0/armtools/bin/../lib/gcc/arm-atollic-eabi/6.3.1/../../../../arm-atollic-eabi/lib/armv7e-m/fpu\libc_nano.a(lib_a-nano-svfprintf.o)
 .debug_frame   0x000034b8       0x60 d:/programs/atolic/truestudio for stm32 9.3.0/armtools/bin/../lib/gcc/arm-atollic-eabi/6.3.1/../../../../arm-atollic-eabi/lib/armv7e-m/fpu\libc_nano.a(lib_a-nano-vfprintf_i.o)
 .debug_frame   0x00003518       0x28 d:/programs/atolic/truestudio for stm32 9.3.0/armtools/bin/../lib/gcc/arm-atollic-eabi/6.3.1/../../../../arm-atollic-eabi/lib/armv7e-m/fpu\libc_nano.a(lib_a-memcpy-stub.o)
 .debug_frame   0x00003540       0x28 d:/programs/atolic/truestudio for stm32 9.3.0/armtools/bin/../lib/gcc/arm-atollic-eabi/6.3.1/../../../../arm-atollic-eabi/lib/armv7e-m/fpu\libc_nano.a(lib_a-memmove.o)
 .debug_frame   0x00003568       0x38 d:/programs/atolic/truestudio for stm32 9.3.0/armtools/bin/../lib/gcc/arm-atollic-eabi/6.3.1/../../../../arm-atollic-eabi/lib/armv7e-m/fpu\libc_nano.a(lib_a-nano-freer.o)
 .debug_frame   0x000035a0       0x2c d:/programs/atolic/truestudio for stm32 9.3.0/armtools/bin/../lib/gcc/arm-atollic-eabi/6.3.1/../../../../arm-atollic-eabi/lib/armv7e-m/fpu\libc_nano.a(lib_a-nano-mallocr.o)
 .debug_frame   0x000035cc       0x3c d:/programs/atolic/truestudio for stm32 9.3.0/armtools/bin/../lib/gcc/arm-atollic-eabi/6.3.1/../../../../arm-atollic-eabi/lib/armv7e-m/fpu\libc_nano.a(lib_a-nano-reallocr.o)
 .debug_frame   0x00003608       0x2c d:/programs/atolic/truestudio for stm32 9.3.0/armtools/bin/../lib/gcc/arm-atollic-eabi/6.3.1/../../../../arm-atollic-eabi/lib/armv7e-m/fpu\libc_nano.a(lib_a-sbrkr.o)
 .debug_frame   0x00003634       0x30 d:/programs/atolic/truestudio for stm32 9.3.0/armtools/bin/../lib/gcc/arm-atollic-eabi/6.3.1/../../../../arm-atollic-eabi/lib/armv7e-m/fpu\libc_nano.a(lib_a-mlock.o)
 .debug_frame   0x00003664       0x20 d:/programs/atolic/truestudio for stm32 9.3.0/armtools/bin/../lib/gcc/arm-atollic-eabi/6.3.1/../../../../arm-atollic-eabi/lib/armv7e-m/fpu\libc_nano.a(lib_a-nano-msizer.o)
 .debug_frame   0x00003684       0x5c d:/programs/atolic/truestudio for stm32 9.3.0/armtools/bin/../lib/gcc/arm-atollic-eabi/6.3.1/../../../../arm-atollic-eabi/lib/armv7e-m/fpu\libc_nano.a(lib_a-reent.o)
 .debug_frame   0x000036e0       0xac d:/programs/atolic/truestudio for stm32 9.3.0/armtools/bin/../lib/gcc/arm-atollic-eabi/6.3.1/armv7e-m/fpu\libgcc.a(_arm_addsubdf3.o)
 .debug_frame   0x0000378c       0x50 d:/programs/atolic/truestudio for stm32 9.3.0/armtools/bin/../lib/gcc/arm-atollic-eabi/6.3.1/armv7e-m/fpu\libgcc.a(_arm_muldivdf3.o)
 .debug_frame   0x000037dc       0x24 d:/programs/atolic/truestudio for stm32 9.3.0/armtools/bin/../lib/gcc/arm-atollic-eabi/6.3.1/armv7e-m/fpu\libgcc.a(_arm_fixunsdfsi.o)
